// Jest Snapshot v1, https://goo.gl/fbAQLP

exports[`expect to render ProductOverview component 1`] = `
<Provider
  store={
    Object {
      "clearActions": [Function],
      "dispatch": [Function],
      "getActions": [Function],
      "getState": [Function],
      "replaceReducer": [Function],
      "subscribe": [Function],
    }
  }
>
  <Connect(ProductOverview)
    product={
      Object {
        "_id": "12345",
        "imageUrl": "img.jpg",
        "price": 23443,
        "subtitle1": "sub1",
        "subtitle2": "sub2",
        "title": "Title",
      }
    }
  >
    <ProductOverview
      onSelected={[Function]}
      product={
        Object {
          "_id": "12345",
          "imageUrl": "img.jpg",
          "price": 23443,
          "subtitle1": "sub1",
          "subtitle2": "sub2",
          "title": "Title",
        }
      }
    >
      <div
        className="product-overview"
        onClick={[Function]}
      >
        <div
          className="product-photo__container"
        >
          <img
            alt="Nike Air Force"
            className="product-photo"
            src="img.jpg"
          />
        </div>
        <div
          className="product-overview__info"
        >
          <h1
            className="product-overview__title"
          >
            Title
          </h1>
          <div
            className="product-overview__type"
          >
            sub1
          </div>
          <div
            className="product-overview__type"
          >
            sub2
          </div>
        </div>
      </div>
    </ProductOverview>
  </Connect(ProductOverview)>
</Provider>
`;
