// Jest Snapshot v1, https://goo.gl/fbAQLP

exports[`expect to render ProductOverview component 1`] = `
<Connect(ProductOverview)
  store={
    Object {
      "clearActions": [Function],
      "dispatch": [Function],
      "getActions": [Function],
      "getState": [Function],
      "replaceReducer": [Function],
      "subscribe": [Function],
    }
  }
>
  <ProductOverview
    onSelected={[Function]}
    store={
      Object {
        "clearActions": [Function],
        "dispatch": [Function],
        "getActions": [Function],
        "getState": [Function],
        "replaceReducer": [Function],
        "subscribe": [Function],
      }
    }
  >
    <div
      className="product-overview"
      onClick={[Function]}
    >
      <div
        className="product-photo__container"
      >
        <img
          alt="Nike Air Force"
          className="product-photo"
          src="nike_airforce-small.jpg"
          srcSet="nike_airforce-small.jpg 216w"
        />
      </div>
      <div
        className="product-overview__info"
      >
        <h1
          className="product-overview__title"
        >
          Nike Air Force 1
        </h1>
        <div
          className="product-overview__type"
        >
          Men's Shoe
        </div>
        <div
          className="product-overview__type"
        >
          2 Colors
        </div>
      </div>
    </div>
  </ProductOverview>
</Connect(ProductOverview)>
`;
